// Jest Snapshot v1, https://goo.gl/fbAQLP

exports[`screen: Nav/NetworkList it renders 1`] = `
<div
  className="makeStyles-root makeStyles-root"
>
  <div
    style={
      {
        "height": 30,
      }
    }
  >
    <svg />
  </div>
  <div
    className="makeStyles-content"
  />
</div>
`;
