// Jest Snapshot v1, https://goo.gl/fbAQLP

exports[`screen: Blocks/List matches snapshot 1`] = `
<div
  id="Box"
>
  <div
    id="NoData"
  />
  <div
    className="tss-1hnp23h-paginate"
    handlePageChange={[Function]}
    handleRowsPerPageChange={[Function]}
    id="Pagination"
    page={0}
    rowsPerPage={25}
    total={0}
  />
</div>
`;
