// Jest Snapshot v1, https://goo.gl/fbAQLP

exports[`component: TabPanel matches snapshot 1`] = `
<div
  hidden={true}
  role="tabpanel"
/>
`;
