// Jest Snapshot v1, https://goo.gl/fbAQLP

exports[`screen: ProfileDetails/Connections matches snapshot 1`] = `
<div
  id="Box"
>
  <h2
    className="MuiTypography-root MuiTypography-h2"
  >
    connectionsTitle
  </h2>
  <div
    className="makeStyles-paginate"
    handleChangePage={[Function]}
    handleChangeRowsPerPage={[Function]}
    id="Pagination"
    page={0}
    rowsPerPage={10}
    rowsPerPageOptions={
      [
        10,
        25,
        50,
        100,
      ]
    }
    total={2}
  />
</div>
`;
