// Jest Snapshot v1, https://goo.gl/fbAQLP

exports[`screen: _app matches snapshot 1`] = `
[
  <div
    className="Toastify"
  />,
  .emotion-0 {
  display: -webkit-box;
  display: -webkit-flex;
  display: -ms-flexbox;
  display: flex;
  -webkit-align-items: center;
  -webkit-box-align: center;
  -ms-flex-align: center;
  align-items: center;
  -webkit-box-pack: center;
  -ms-flex-pack: center;
  -webkit-justify-content: center;
  justify-content: center;
  min-height: 100vh;
  -webkit-flex-direction: column;
  -ms-flex-direction: column;
  flex-direction: column;
  background: #F8F8F8;
}

.emotion-0 a {
  color: #4092CD;
}

.emotion-1 {
  width: 275px;
  display: -webkit-inline-box;
  display: -webkit-inline-flex;
  display: -ms-inline-flexbox;
  display: inline-flex;
}

.emotion-2 {
  width: auto;
  height: auto;
  max-width: 100%;
  max-height: 100%;
  min-width: 100%;
  display: none;
}

.mode-dark .emotion-2 {
  display: initial;
}

.emotion-3 {
  width: auto;
  height: auto;
  max-width: 100%;
  max-height: 100%;
  min-width: 100%;
  object-fit: contain;
}

.mode-dark .emotion-3 {
  display: none;
}

.emotion-4 {
  display: grid;
  grid-template-columns: repeat(4, 65px);
  gap: 8px;
  margin: 24px 0px;
}

.emotion-5 {
  display: -webkit-box;
  display: -webkit-flex;
  display: -ms-flexbox;
  display: flex;
  -webkit-align-items: center;
  -webkit-box-align: center;
  -ms-flex-align: center;
  align-items: center;
  -webkit-box-pack: center;
  -ms-flex-pack: center;
  -webkit-justify-content: center;
  justify-content: center;
  -webkit-flex-direction: column;
  -ms-flex-direction: column;
  flex-direction: column;
}

.emotion-5 .MuiTypography-h1 {
  width: 100%;
  text-align: center;
  background: #FFFFFF;
  padding: 16px;
  margin-bottom: 16px;
}

.emotion-6 {
  margin: 0;
  font-size: 2rem;
  letter-spacing: 0.25px;
  font-family: fontFamily;
  font-weight: 300;
  line-height: 1.167;
}

.emotion-7 {
  margin: 0;
  font-size: 1.25rem;
  letter-spacing: 0.15px;
  font-family: fontFamily;
  font-weight: 400;
  line-height: 1.167;
}

.emotion-17 {
  margin: 0;
  font-size: 1.5rem;
  letter-spacing: 0;
  font-family: fontFamily;
  font-weight: 300;
  line-height: 1.2;
  color: #FF835B;
}

<div
    className="emotion-0"
  >
    <span
      className="emotion-1"
    >
      <img
        alt="logo"
        className="emotion-2"
        data-nimg="1"
        decoding="async"
        height={0}
        loading="lazy"
        onError={[Function]}
        onLoad={[Function]}
        src="svg"
        style={
          {
            "color": "transparent",
          }
        }
        width={0}
      />
      <img
        alt="logo"
        className="emotion-3"
        data-nimg="1"
        decoding="async"
        height={0}
        loading="lazy"
        onError={[Function]}
        onLoad={[Function]}
        src="svg"
        style={
          {
            "color": "transparent",
          }
        }
        width={0}
      />
    </span>
    <div
      className="emotion-4"
    >
      <div
        className="emotion-5"
      >
        <h1
          className="MuiTypography-root MuiTypography-h1 emotion-6"
        >
          0
        </h1>
        <h3
          className="MuiTypography-root MuiTypography-h3 emotion-7"
        >
          Day
        </h3>
      </div>
      <div
        className="emotion-5"
      >
        <h1
          className="MuiTypography-root MuiTypography-h1 emotion-6"
        >
          0
        </h1>
        <h3
          className="MuiTypography-root MuiTypography-h3 emotion-7"
        >
          Hour
        </h3>
      </div>
      <div
        className="emotion-5"
      >
        <h1
          className="MuiTypography-root MuiTypography-h1 emotion-6"
        >
          0
        </h1>
        <h3
          className="MuiTypography-root MuiTypography-h3 emotion-7"
        >
          Min
        </h3>
      </div>
      <div
        className="emotion-5"
      >
        <h1
          className="MuiTypography-root MuiTypography-h1 emotion-6"
        >
          0
        </h1>
        <h3
          className="MuiTypography-root MuiTypography-h3 emotion-7"
        >
          Sec
        </h3>
      </div>
    </div>
    <h2
      className="MuiTypography-root MuiTypography-h2 emotion-17"
    >
      desmos-mainnet
    </h2>
  </div>,
]
`;
