// Jest Snapshot v1, https://goo.gl/fbAQLP

exports[`screen: Blocks/List matches snapshot 1`] = `
.emotion-0 {
  margin-top: 24px;
}

<div
  id="Box"
>
  <div
    id="NoData"
  />
  <div
    className="emotion-0"
    handlePageChange={[Function]}
    handleRowsPerPageChange={[Function]}
    id="Pagination"
    page={0}
    rowsPerPage={25}
    total={0}
  />
</div>
`;
