// Jest Snapshot v1, https://goo.gl/fbAQLP

exports[`screen: TransactionDetails/MsgUpdateWhitelistValidator matches snapshot 1`] = `
<p
  className="MuiTypography-root MuiTypography-body1 css-pfovru-MuiTypography-root"
>
  <div
    components={
      [
        <Unknown
          address="cosmosSender"
          name="cosmosSender"
        />,
        <b />,
      ]
    }
    i18nKey="message_contents:MsgUpdateWhitelistValidator"
    id="Trans"
  />
</p>
`;
