// Jest Snapshot v1, https://goo.gl/fbAQLP

exports[`screen: DesmosProfile/Mobile it renders 1`] = `
.emotion-0 {
  margin: 16px 0px;
}

.emotion-1 {
  margin-bottom: 16px;
}

.emotion-1 .label {
  margin-bottom: 8px;
  color: #777777;
}

.emotion-1 p.value {
  color: #414141;
  word-break: break-all;
}

.emotion-1 a {
  color: #4092CD;
}

.emotion-2 {
  margin: 0;
  font-size: 1rem;
  letter-spacing: 0.15px;
  font-family: "Roboto","Helvetica","Arial",sans-serif;
  font-weight: 400;
  line-height: 1.235;
}

.emotion-3 {
  margin: 0;
  font-size: 1rem;
  white-space: pre-wrap;
  letter-spacing: 0.5px;
  font-family: "Roboto","Helvetica","Arial",sans-serif;
  font-weight: 400;
  line-height: 1.5;
}

<div>
  <div
    className="emotion-0"
  >
    <div
      className="emotion-1"
    >
      <h4
        className="MuiTypography-root MuiTypography-h4 label emotion-2"
      >
        network
      </h4>
      <p
        className="MuiTypography-root MuiTypography-body1 value emotion-3"
      />
    </div>
    <div
      className="emotion-1"
    >
      <h4
        className="MuiTypography-root MuiTypography-h4 label emotion-2"
      >
        identifier
      </h4>
      <p
        className="MuiTypography-root MuiTypography-body1 value emotion-3"
      />
    </div>
    <div
      className="emotion-1"
    >
      <h4
        className="MuiTypography-root MuiTypography-h4 label emotion-2"
      >
        creationTime
      </h4>
      <p
        className="MuiTypography-root MuiTypography-body1 value emotion-3"
      >
        2020-08-10 12:00:00
      </p>
    </div>
  </div>
</div>
`;
