// Jest Snapshot v1, https://goo.gl/fbAQLP

exports[`component: NotFound matches snapshot 1`] = `
<div>
  <div
    className="makeStyles-root"
  >
    <div
      className="makeStyles-content"
    >
      <svg />
      <p
        className="MuiTypography-root MuiTypography-body1"
      >
        notFound
      </p>
    </div>
  </div>
</div>
`;
