// Jest Snapshot v1, https://goo.gl/fbAQLP

exports[`screen: TransactionDetails/DepositProposal matches snapshot 1`] = `
.emotion-0 {
  margin: 0;
  font-size: 1rem;
  white-space: pre-wrap;
  letter-spacing: 0.5px;
  font-family: "Roboto","Helvetica","Arial",sans-serif;
  font-weight: 400;
  line-height: 1.5;
}

<p
  className="MuiTypography-root MuiTypography-body1 emotion-0"
>
  <span
    data-testid="Trans"
    i18nKey="message_contents:txDepositContent"
  >
    <div
      address="depositor"
      id="Name"
      name="depositor"
    />
    <b />
    <a
      href="/proposals/0"
      onClick={[Function]}
      onMouseEnter={[Function]}
      onTouchStart={[Function]}
    >
      #
      0
    </a>
    {"amount":"2 DARIC","proposal":0}
  </span>
</p>
`;
