// Jest Snapshot v1, https://goo.gl/fbAQLP

exports[`screen: TransactionDetails/MsgLinkApplication matches snapshot 1`] = `
<p
  className="MuiTypography-root MuiTypography-body1"
>
  message_contents:txMsgLinkApplication
</p>
`;
