// Jest Snapshot v1, https://goo.gl/fbAQLP

exports[`screen: Home/Blocks/Desktop matches snapshot 1`] = `
.emotion-0 {
  overflow: auto;
}

.emotion-0 a {
  color: #4092CD;
}

.emotion-1 {
  display: table;
  width: 100%;
  border-collapse: collapse;
  border-spacing: 0;
}

.emotion-1 caption {
  font-size: 0.875rem;
  letter-spacing: 0.25px;
  font-family: "Roboto","Helvetica","Arial",sans-serif;
  font-weight: 400;
  line-height: 1.43;
  padding: 16px;
  color: #414141;
  text-align: left;
  caption-side: bottom;
}

.emotion-1 .MuiTableBody-root .MuiTableCell-root {
  white-space: nowrap;
  height: auto;
}

.emotion-2 {
  display: table-header-group;
}

.emotion-2 {
  background-color: initial;
}

.emotion-3 {
  color: inherit;
  display: table-row;
  vertical-align: middle;
  outline: 0;
}

.emotion-3.MuiTableRow-hover:hover {
  background-color: rgba(0, 0, 0, 0.04);
}

.emotion-3.Mui-selected {
  background-color: rgba(255, 131, 91, 0.08);
}

.emotion-3.Mui-selected:hover {
  background-color: rgba(255, 131, 91, 0.12);
}

.emotion-4 {
  font-size: 0.875rem;
  letter-spacing: 0.25px;
  font-family: "Roboto","Helvetica","Arial",sans-serif;
  font-weight: 500;
  line-height: 1.5rem;
  display: table-cell;
  vertical-align: inherit;
  border-bottom: 1px solid rgba(252, 252, 252, 1);
  text-align: left;
  padding: 16px;
  color: #000000;
}

.emotion-4 {
  border-bottom: none;
  padding: 0 16px;
  height: 50px;
  font-size: 1rem;
}

.emotion-7 {
  font-size: 0.875rem;
  letter-spacing: 0.25px;
  font-family: "Roboto","Helvetica","Arial",sans-serif;
  font-weight: 500;
  line-height: 1.5rem;
  display: table-cell;
  vertical-align: inherit;
  border-bottom: 1px solid rgba(252, 252, 252, 1);
  text-align: right;
  padding: 16px;
  color: #000000;
  -webkit-flex-direction: row-reverse;
  -ms-flex-direction: row-reverse;
  flex-direction: row-reverse;
}

.emotion-7 {
  border-bottom: none;
  padding: 0 16px;
  height: 50px;
  font-size: 1rem;
}

.emotion-9 {
  display: table-row-group;
}

.emotion-9 .MuiTableRow-root:nth-of-type(odd) {
  background-color: #F8F8F8;
}

.emotion-9 .MuiTableCell-root {
  color: #414141;
}

.emotion-11 {
  font-size: 0.875rem;
  letter-spacing: 0.25px;
  font-family: "Roboto","Helvetica","Arial",sans-serif;
  font-weight: 400;
  line-height: 1.43;
  display: table-cell;
  vertical-align: inherit;
  border-bottom: 1px solid rgba(252, 252, 252, 1);
  text-align: left;
  padding: 16px;
  color: #000000;
}

.emotion-11 {
  border-bottom: none;
  padding: 0 16px;
  height: 50px;
  font-size: 1rem;
}

.emotion-14 {
  font-size: 0.875rem;
  letter-spacing: 0.25px;
  font-family: "Roboto","Helvetica","Arial",sans-serif;
  font-weight: 400;
  line-height: 1.43;
  display: table-cell;
  vertical-align: inherit;
  border-bottom: 1px solid rgba(252, 252, 252, 1);
  text-align: right;
  padding: 16px;
  color: #000000;
  -webkit-flex-direction: row-reverse;
  -ms-flex-direction: row-reverse;
  flex-direction: row-reverse;
}

.emotion-14 {
  border-bottom: none;
  padding: 0 16px;
  height: 50px;
  font-size: 1rem;
}

<div
  className="emotion-0"
>
  <table
    className="MuiTable-root emotion-1"
    role={null}
  >
    <thead
      className="MuiTableHead-root emotion-2"
      role={null}
    >
      <tr
        className="MuiTableRow-root MuiTableRow-head emotion-3"
        role={null}
      >
        <th
          aria-sort={null}
          className="MuiTableCell-root MuiTableCell-head MuiTableCell-sizeMedium emotion-4"
          scope="col"
        >
          height
        </th>
        <th
          aria-sort={null}
          className="MuiTableCell-root MuiTableCell-head MuiTableCell-sizeMedium emotion-4"
          scope="col"
        >
          proposer
        </th>
        <th
          aria-sort={null}
          className="MuiTableCell-root MuiTableCell-head MuiTableCell-sizeMedium emotion-4"
          scope="col"
        >
          hash
        </th>
        <th
          aria-sort={null}
          className="MuiTableCell-root MuiTableCell-head MuiTableCell-alignRight MuiTableCell-sizeMedium emotion-7"
          scope="col"
        >
          txs
        </th>
        <th
          aria-sort={null}
          className="MuiTableCell-root MuiTableCell-head MuiTableCell-alignRight MuiTableCell-sizeMedium emotion-7"
          scope="col"
        >
          time
        </th>
      </tr>
    </thead>
    <tbody
      className="MuiTableBody-root emotion-9"
      role={null}
    >
      <tr
        className="MuiTableRow-root emotion-3"
        role={null}
      >
        <td
          aria-sort={null}
          className="MuiTableCell-root MuiTableCell-body MuiTableCell-sizeMedium emotion-11"
        >
          <div
            style={
              {
                "alignItems": "center",
                "clipPath": "inset(0 0 0 0)",
                "display": "flex",
                "height": "50px",
                "overflow": "hidden",
              }
            }
          >
            <a
              className="value"
              href="/blocks/4000"
              onClick={[Function]}
              onMouseEnter={[Function]}
              onTouchStart={[Function]}
            >
              4,000
            </a>
          </div>
        </td>
        <td
          aria-sort={null}
          className="MuiTableCell-root MuiTableCell-body MuiTableCell-sizeMedium emotion-11"
        >
          <div
            style={
              {
                "alignItems": "center",
                "clipPath": "inset(0 0 0 0)",
                "display": "flex",
                "height": "50px",
                "overflow": "hidden",
              }
            }
          >
            <div
              address="desmosvalcons1why72hjk945yhckcy5hzk2z2w9d5h65t9am0kd"
              id="AvatarName"
              imageUrl=""
              name="desmosvalcons1why72hjk945yhckcy5hzk2z2w9d5h65t9am0kd"
            />
          </div>
        </td>
        <td
          aria-sort={null}
          className="MuiTableCell-root MuiTableCell-body MuiTableCell-sizeMedium emotion-11"
        >
          <div
            style={
              {
                "alignItems": "center",
                "clipPath": "inset(0 0 0 0)",
                "display": "flex",
                "height": "50px",
                "overflow": "hidden",
              }
            }
          >
            76nwV8...hQ857
          </div>
        </td>
        <td
          aria-sort={null}
          className="MuiTableCell-root MuiTableCell-body MuiTableCell-alignRight MuiTableCell-sizeMedium emotion-14"
        >
          <div
            style={
              {
                "alignItems": "center",
                "clipPath": "inset(0 0 0 0)",
                "display": "flex",
                "height": "50px",
                "overflow": "hidden",
              }
            }
          >
            12
          </div>
        </td>
        <td
          aria-sort={null}
          className="MuiTableCell-root MuiTableCell-body MuiTableCell-alignRight MuiTableCell-sizeMedium emotion-14"
        >
          <div
            style={
              {
                "alignItems": "center",
                "clipPath": "inset(0 0 0 0)",
                "display": "flex",
                "height": "50px",
                "overflow": "hidden",
              }
            }
          >
            <span
              aria-label={null}
              aria-labelledby={null}
              data-mui-internal-clone-element={true}
              onBlur={[Function]}
              onFocus={[Function]}
              onMouseLeave={[Function]}
              onMouseOver={[Function]}
              onTouchEnd={[Function]}
              onTouchStart={[Function]}
            >
              1 day ago
            </span>
          </div>
        </td>
      </tr>
    </tbody>
  </table>
</div>
`;
