// Jest Snapshot v1, https://goo.gl/fbAQLP

exports[`screen: Home/Transactions/Mobile matches snapshot 1`] = `
<div>
  <div
    block={
      <ForwardRef(LinkComponent)
        href="/blocks/2000"
        prefetch={false}
        shallow={true}
      >
        2,000
      </ForwardRef(LinkComponent)>
    }
    hash={
      <ForwardRef(LinkComponent)
        href="/transactions/76nwV8zz8tLz97SBRXH6uwHvgHXtqJDLQfF66jZhQ857"
        prefetch={false}
        shallow={true}
      >
        76nwV8zz8tLz97S...hQ857
      </ForwardRef(LinkComponent)>
    }
    id="SingleTransactionMobile"
    time={
      <Timestamp
        timestamp="2021-02-18T09:02:28.668623"
      />
    }
  />
</div>
`;
