// Jest Snapshot v1, https://goo.gl/fbAQLP

exports[`screen: TransactionDetails/MsgCreateIssuer matches snapshot 1`] = `
<p
  className="MuiTypography-root MuiTypography-body1 css-pfovru-MuiTypography-root"
>
  message_contents:txCreateIssuerContent
</p>
`;
