// Jest Snapshot v1, https://goo.gl/fbAQLP

exports[`screen: _app matches snapshot 1`] = `
[
  <div
    className="Toastify"
  />,
  <div
    className="makeStyles-root-1"
  >
    <span
      className="makeStyles-logo-3 makeStyles-container-6"
    >
      <img
        alt="logo"
        className="makeStyles-dark-8"
        data-nimg="future"
        decoding="async"
        height={0}
        loading="lazy"
        onError={[Function]}
        onLoad={[Function]}
        src="svg"
        style={
          {
            "color": "transparent",
          }
        }
        width={0}
      />
      <img
        alt="logo"
        className="makeStyles-light-7"
        data-nimg="future"
        decoding="async"
        height={0}
        loading="lazy"
        onError={[Function]}
        onLoad={[Function]}
        src="svg"
        style={
          {
            "color": "transparent",
          }
        }
        width={0}
      />
    </span>
    <div
      className="makeStyles-timeContainer-4"
    >
      <div
        className="makeStyles-item-5"
      >
        <h1
          className="MuiTypography-root MuiTypography-h1"
        >
          0
        </h1>
        <h3
          className="MuiTypography-root MuiTypography-h3"
        >
          Day
        </h3>
      </div>
      <div
        className="makeStyles-item-5"
      >
        <h1
          className="MuiTypography-root MuiTypography-h1"
        >
          0
        </h1>
        <h3
          className="MuiTypography-root MuiTypography-h3"
        >
          Hour
        </h3>
      </div>
      <div
        className="makeStyles-item-5"
      >
        <h1
          className="MuiTypography-root MuiTypography-h1"
        >
          0
        </h1>
        <h3
          className="MuiTypography-root MuiTypography-h3"
        >
          Min
        </h3>
      </div>
      <div
        className="makeStyles-item-5"
      >
        <h1
          className="MuiTypography-root MuiTypography-h1"
        >
          0
        </h1>
        <h3
          className="MuiTypography-root MuiTypography-h3"
        >
          Sec
        </h3>
      </div>
    </div>
    <h2
      className="MuiTypography-root makeStyles-chain-2 MuiTypography-h2"
    >
      nomic-stakenet-2
    </h2>
  </div>,
]
`;
