// Jest Snapshot v1, https://goo.gl/fbAQLP

exports[`screen: DesmosProfile/Desktop it renders 1`] = `
<div>
  <div
    className=""
  >
    <table
      className="MuiTable-root"
      role={null}
    >
      <thead
        className="MuiTableHead-root"
        role={null}
      >
        <tr
          className="MuiTableRow-root MuiTableRow-head"
          role={null}
        >
          <th
            aria-sort={null}
            className="MuiTableCell-root MuiTableCell-head"
            scope="col"
            style={
              {
                "width": "25%",
              }
            }
          >
            network
          </th>
          <th
            aria-sort={null}
            className="MuiTableCell-root MuiTableCell-head MuiTableCell-alignLeft"
            scope="col"
            style={
              {
                "width": "50%",
              }
            }
          >
            identifier
          </th>
          <th
            aria-sort={null}
            className="MuiTableCell-root MuiTableCell-head MuiTableCell-alignRight"
            scope="col"
            style={
              {
                "width": "25%",
              }
            }
          >
            creationTime
          </th>
        </tr>
      </thead>
      <tbody
        className="MuiTableBody-root"
        role={null}
      >
        <tr
          className="MuiTableRow-root"
          role={null}
        >
          <td
            aria-sort={null}
            className="MuiTableCell-root MuiTableCell-body"
            style={
              {
                "width": "25%",
              }
            }
          >
            
          </td>
          <td
            aria-sort={null}
            className="MuiTableCell-root MuiTableCell-body MuiTableCell-alignLeft"
            style={
              {
                "width": "50%",
              }
            }
          >
            
          </td>
          <td
            aria-sort={null}
            className="MuiTableCell-root MuiTableCell-body MuiTableCell-alignRight"
            style={
              {
                "width": "25%",
              }
            }
          >
            2020-08-10 12:00:00
          </td>
        </tr>
      </tbody>
    </table>
  </div>
</div>
`;
