// Jest Snapshot v1, https://goo.gl/fbAQLP

exports[`screen: TransactionDetails/CreateIscnRecord matches snapshot 1`] = `
<p
  className="MuiTypography-root MuiTypography-body1"
>
  message_contents:txCreateIscnRecordContent
</p>
`;
