// Jest Snapshot v1, https://goo.gl/fbAQLP

exports[`screen: TransactionDetails/DecommissionPool matches snapshot 1`] = `
<p
  className="MuiTypography-root MuiTypography-body1"
>
  <div
    components={
      Array [
        <Name
          address="signer"
          name="signer"
        />,
        <b />,
      ]
    }
    i18nKey="message_contents:MsgDecommissionPool"
    id="Trans"
    values={
      Object {
        "symbol": "DARIC",
      }
    }
  />
</p>
`;
