// Jest Snapshot v1, https://goo.gl/fbAQLP

exports[`screen: Nav/Mobile it renders 1`] = `
<div>
  <div
    className="makeStyles-root"
  >
    <div
      className="makeStyles-screens"
      id="menu"
      toggleNavMenus={[Function]}
    />
    <span
      className="makeStyles-screens"
    >
      <div
        className="makeStyles-networks"
      />
    </span>
    <div
      id="navbar"
      isOpen={false}
      openNetwork={[Function]}
      toggleNavMenus={[Function]}
    />
    <div
      className="makeStyles-searchBar"
      id="searchBar"
    />
  </div>
  <div
    style={
      Object {
        "height": 0,
      }
    }
  />
  <div
    className="makeStyles-root"
  >
    <h1
      className="MuiTypography-root MuiTypography-h1"
    >
      hello world
    </h1>
    <div
      className="makeStyles-content"
    >
      <div
        className="makeStyles-item"
      >
        <p
          className="MuiTypography-root label MuiTypography-body1"
        >
          common:marketCap
        </p>
        <p
          className="MuiTypography-root MuiTypography-body1"
        >
          N/A
        </p>
      </div>
      <div
        className="makeStyles-item"
      >
        <p
          className="MuiTypography-root label MuiTypography-body1"
        >
          common:inflation
        </p>
        <p
          className="MuiTypography-root MuiTypography-body1"
        >
          0%
        </p>
      </div>
      <div
        className="makeStyles-item"
      >
        <p
          className="MuiTypography-root label MuiTypography-body1"
        >
          common:apr
        </p>
        <p
          className="MuiTypography-root MuiTypography-body1"
        >
          0%
        </p>
      </div>
      <div
        className="makeStyles-item"
      >
        <p
          className="MuiTypography-root label MuiTypography-body1"
        >
          common:supply
        </p>
        <p
          className="MuiTypography-root MuiTypography-body1"
        >
          0 
        </p>
      </div>
      <div
        className="makeStyles-item"
      >
        <p
          className="MuiTypography-root label MuiTypography-body1"
        >
          common:communityPool
        </p>
        <p
          className="MuiTypography-root MuiTypography-body1"
        >
          0 
        </p>
      </div>
    </div>
  </div>
</div>
`;
