// Jest Snapshot v1, https://goo.gl/fbAQLP

exports[`screen: Home/Transactions/Desktop matches snapshot 1`] = `
<div
  className="makeStyles-root"
>
  <table
    className="MuiTable-root makeStyles-table"
    role={null}
  >
    <thead
      className="MuiTableHead-root"
      role={null}
    >
      <tr
        className="MuiTableRow-root MuiTableRow-head"
        role={null}
      >
        <th
          aria-sort={null}
          className="MuiTableCell-root MuiTableCell-head"
          scope="col"
          style={
            {
              "width": "25%",
            }
          }
        >
          block
        </th>
        <th
          aria-sort={null}
          className="MuiTableCell-root MuiTableCell-head"
          scope="col"
          style={
            {
              "width": "25%",
            }
          }
        >
          hash
        </th>
        <th
          aria-sort={null}
          className="MuiTableCell-root MuiTableCell-head MuiTableCell-alignRight"
          scope="col"
          style={
            {
              "width": "25%",
            }
          }
        >
          result
        </th>
        <th
          aria-sort={null}
          className="MuiTableCell-root MuiTableCell-head MuiTableCell-alignRight"
          scope="col"
          style={
            {
              "width": "25%",
            }
          }
        >
          time
        </th>
      </tr>
    </thead>
    <tbody
      className="MuiTableBody-root"
      role={null}
    >
      <tr
        className="MuiTableRow-root"
        role={null}
      >
        <td
          aria-sort={null}
          className="MuiTableCell-root MuiTableCell-body"
          style={
            {
              "width": "25%",
            }
          }
        >
          <a
            className="MuiTypography-root MuiTypography-body1"
            href="/blocks/2000"
            onClick={[Function]}
            onMouseEnter={[Function]}
            onTouchStart={[Function]}
          >
            2,000
          </a>
        </td>
        <td
          aria-sort={null}
          className="MuiTableCell-root MuiTableCell-body"
          style={
            {
              "width": "25%",
            }
          }
        >
          <a
            className="MuiTypography-root MuiTypography-body1"
            href="/transactions/76nwV8zz8tLz97SBRXH6uwHvgHXtqJDLQfF66jZhQ857"
            onClick={[Function]}
            onMouseEnter={[Function]}
            onTouchStart={[Function]}
          >
            76nwV8zz8tLz97S...hQ857
          </a>
        </td>
        <td
          aria-sort={null}
          className="MuiTableCell-root MuiTableCell-body MuiTableCell-alignRight"
          style={
            {
              "width": "25%",
            }
          }
        />
        <td
          aria-sort={null}
          className="MuiTableCell-root MuiTableCell-body MuiTableCell-alignRight"
          style={
            {
              "width": "25%",
            }
          }
        >
          2 years ago
        </td>
      </tr>
    </tbody>
  </table>
</div>
`;
