// Jest Snapshot v1, https://goo.gl/fbAQLP

exports[`screen: Validators/Tabs matches snapshot 1`] = `
<div
  className="makeStyles-root"
>
  <div
    className="MuiTabs-root"
  >
    <div
      className="MuiTabs-scrollable"
      style={
        Object {
          "height": 99,
          "overflow": "scroll",
          "position": "absolute",
          "top": -9999,
          "width": 99,
        }
      }
    />
    <div
      className="MuiTabs-scroller MuiTabs-scrollable"
      onScroll={[Function]}
      style={
        Object {
          "marginBottom": null,
          "overflow": "hidden",
        }
      }
    >
      <div
        className="MuiTabs-flexContainer"
        onKeyDown={[Function]}
        role="tablist"
      >
        <button
          aria-controls="simple-tabpanel-0"
          aria-selected={true}
          className="MuiButtonBase-root MuiTab-root MuiTab-textColorInherit MuiTab-selected"
          disabled={false}
          id="simple-tab-0"
          onBlur={[Function]}
          onClick={[Function]}
          onDragLeave={[Function]}
          onFocus={[Function]}
          onKeyDown={[Function]}
          onKeyUp={[Function]}
          onMouseDown={[Function]}
          onMouseLeave={[Function]}
          onMouseUp={[Function]}
          onTouchEnd={[Function]}
          onTouchMove={[Function]}
          onTouchStart={[Function]}
          role="tab"
          tabIndex={0}
          type="button"
        >
          <span
            className="MuiTab-wrapper"
          >
            proposals:all (24)
          </span>
          <span
            className="PrivateTabIndicator-root PrivateTabIndicator-colorSecondary MuiTabs-indicator"
            style={Object {}}
          />
        </button>
        <button
          aria-controls="simple-tabpanel-1"
          aria-selected={false}
          className="MuiButtonBase-root MuiTab-root MuiTab-textColorInherit"
          disabled={false}
          id="simple-tab-1"
          onBlur={[Function]}
          onClick={[Function]}
          onDragLeave={[Function]}
          onFocus={[Function]}
          onKeyDown={[Function]}
          onKeyUp={[Function]}
          onMouseDown={[Function]}
          onMouseLeave={[Function]}
          onMouseUp={[Function]}
          onTouchEnd={[Function]}
          onTouchMove={[Function]}
          onTouchStart={[Function]}
          role="tab"
          tabIndex={-1}
          type="button"
        >
          <span
            className="MuiTab-wrapper"
          >
            proposals:yes (10)
          </span>
        </button>
        <button
          aria-controls="simple-tabpanel-2"
          aria-selected={false}
          className="MuiButtonBase-root MuiTab-root MuiTab-textColorInherit"
          disabled={false}
          id="simple-tab-2"
          onBlur={[Function]}
          onClick={[Function]}
          onDragLeave={[Function]}
          onFocus={[Function]}
          onKeyDown={[Function]}
          onKeyUp={[Function]}
          onMouseDown={[Function]}
          onMouseLeave={[Function]}
          onMouseUp={[Function]}
          onTouchEnd={[Function]}
          onTouchMove={[Function]}
          onTouchStart={[Function]}
          role="tab"
          tabIndex={-1}
          type="button"
        >
          <span
            className="MuiTab-wrapper"
          >
            proposals:no (4)
          </span>
        </button>
        <button
          aria-controls="simple-tabpanel-3"
          aria-selected={false}
          className="MuiButtonBase-root MuiTab-root MuiTab-textColorInherit"
          disabled={false}
          id="simple-tab-3"
          onBlur={[Function]}
          onClick={[Function]}
          onDragLeave={[Function]}
          onFocus={[Function]}
          onKeyDown={[Function]}
          onKeyUp={[Function]}
          onMouseDown={[Function]}
          onMouseLeave={[Function]}
          onMouseUp={[Function]}
          onTouchEnd={[Function]}
          onTouchMove={[Function]}
          onTouchStart={[Function]}
          role="tab"
          tabIndex={-1}
          type="button"
        >
          <span
            className="MuiTab-wrapper"
          >
            proposals:veto (10)
          </span>
        </button>
        <button
          aria-controls="simple-tabpanel-4"
          aria-selected={false}
          className="MuiButtonBase-root MuiTab-root MuiTab-textColorInherit"
          disabled={false}
          id="simple-tab-4"
          onBlur={[Function]}
          onClick={[Function]}
          onDragLeave={[Function]}
          onFocus={[Function]}
          onKeyDown={[Function]}
          onKeyUp={[Function]}
          onMouseDown={[Function]}
          onMouseLeave={[Function]}
          onMouseUp={[Function]}
          onTouchEnd={[Function]}
          onTouchMove={[Function]}
          onTouchStart={[Function]}
          role="tab"
          tabIndex={-1}
          type="button"
        >
          <span
            className="MuiTab-wrapper"
          >
            proposals:abstain (0)
          </span>
        </button>
        <button
          aria-controls="simple-tabpanel-5"
          aria-selected={false}
          className="MuiButtonBase-root MuiTab-root MuiTab-textColorInherit"
          disabled={false}
          id="simple-tab-5"
          onBlur={[Function]}
          onClick={[Function]}
          onDragLeave={[Function]}
          onFocus={[Function]}
          onKeyDown={[Function]}
          onKeyUp={[Function]}
          onMouseDown={[Function]}
          onMouseLeave={[Function]}
          onMouseUp={[Function]}
          onTouchEnd={[Function]}
          onTouchMove={[Function]}
          onTouchStart={[Function]}
          role="tab"
          tabIndex={-1}
          type="button"
        >
          <span
            className="MuiTab-wrapper"
          >
            proposals:didNotVote (0)
          </span>
        </button>
      </div>
    </div>
  </div>
</div>
`;
